{"timestamp":"2026-09-28T18:06:15.015382","level":"info","event":"Filling up the DagBag from /opt/airflow/dags/sample_dag.py","logger":"airflow.models.dagbag.DagBag"}
{"timestamp":"2026-09-28T18:06:15.069895","level":"error","event":"Failed to import: /opt/airflow/dags/sample_dag.py","logger":"airflow.models.dagbag.DagBag","error_detail":[{"exc_type":"ValueError","exc_value":"The key 'used to extracted data' has to be made of alphanumeric characters, dashes, dots, and underscores exclusively","exc_notes":[],"syntax_error":null,"is_cause":false,"frames":[{"filename":"/home/airflow/.local/lib/python3.12/site-packages/airflow/models/dagbag.py","lineno":382,"name":"parse"},{"filename":"<frozen importlib._bootstrap_external>","lineno":999,"name":"exec_module"},{"filename":"<frozen importlib._bootstrap>","lineno":488,"name":"_call_with_frames_removed"},{"filename":"/opt/airflow/dags/sample_dag.py","lineno":34,"name":"<module>"},{"filename":"/home/airflow/.local/lib/python3.12/site-packages/airflow/sdk/bases/operator.py","lineno":513,"name":"apply_defaults"},{"filename":"/home/airflow/.local/lib/python3.12/site-packages/airflow/providers/standard/operators/python.py","lineno":180,"name":"__init__"},{"filename":"/home/airflow/.local/lib/python3.12/site-packages/airflow/sdk/bases/operator.py","lineno":513,"name":"apply_defaults"},{"filename":"/home/airflow/.local/lib/python3.12/site-packages/airflow/models/baseoperator.py","lineno":293,"name":"__init__"},{"filename":"/home/airflow/.local/lib/python3.12/site-packages/airflow/sdk/bases/operator.py","lineno":513,"name":"apply_defaults"},{"filename":"/home/airflow/.local/lib/python3.12/site-packages/airflow/sdk/bases/operator.py","lineno":1041,"name":"__init__"},{"filename":"/home/airflow/.local/lib/python3.12/site-packages/airflow/sdk/definitions/_internal/node.py","lineno":49,"name":"validate_key"}]}]}
{"timestamp":"2026-09-28T18:06:50.630988","level":"info","event":"Filling up the DagBag from /opt/airflow/dags/sample_dag.py","logger":"airflow.models.dagbag.DagBag"}
{"timestamp":"2026-09-28T18:06:50.663375","level":"error","event":"Failed to import: /opt/airflow/dags/sample_dag.py","logger":"airflow.models.dagbag.DagBag","error_detail":[{"exc_type":"ValueError","exc_value":"The key 'used to extracted data' has to be made of alphanumeric characters, dashes, dots, and underscores exclusively","exc_notes":[],"syntax_error":null,"is_cause":false,"frames":[{"filename":"/home/airflow/.local/lib/python3.12/site-packages/airflow/models/dagbag.py","lineno":382,"name":"parse"},{"filename":"<frozen importlib._bootstrap_external>","lineno":999,"name":"exec_module"},{"filename":"<frozen importlib._bootstrap>","lineno":488,"name":"_call_with_frames_removed"},{"filename":"/opt/airflow/dags/sample_dag.py","lineno":34,"name":"<module>"},{"filename":"/home/airflow/.local/lib/python3.12/site-packages/airflow/sdk/bases/operator.py","lineno":513,"name":"apply_defaults"},{"filename":"/home/airflow/.local/lib/python3.12/site-packages/airflow/providers/standard/operators/python.py","lineno":180,"name":"__init__"},{"filename":"/home/airflow/.local/lib/python3.12/site-packages/airflow/sdk/bases/operator.py","lineno":513,"name":"apply_defaults"},{"filename":"/home/airflow/.local/lib/python3.12/site-packages/airflow/models/baseoperator.py","lineno":293,"name":"__init__"},{"filename":"/home/airflow/.local/lib/python3.12/site-packages/airflow/sdk/bases/operator.py","lineno":513,"name":"apply_defaults"},{"filename":"/home/airflow/.local/lib/python3.12/site-packages/airflow/sdk/bases/operator.py","lineno":1041,"name":"__init__"},{"filename":"/home/airflow/.local/lib/python3.12/site-packages/airflow/sdk/definitions/_internal/node.py","lineno":49,"name":"validate_key"}]}]}
{"timestamp":"2026-09-28T18:07:21.616167","level":"info","event":"Filling up the DagBag from /opt/airflow/dags/sample_dag.py","logger":"airflow.models.dagbag.DagBag"}
{"timestamp":"2026-09-28T18:07:21.632277","level":"error","event":"Failed to import: /opt/airflow/dags/sample_dag.py","logger":"airflow.models.dagbag.DagBag","error_detail":[{"exc_type":"ValueError","exc_value":"The key 'used to extracted data' has to be made of alphanumeric characters, dashes, dots, and underscores exclusively","exc_notes":[],"syntax_error":null,"is_cause":false,"frames":[{"filename":"/home/airflow/.local/lib/python3.12/site-packages/airflow/models/dagbag.py","lineno":382,"name":"parse"},{"filename":"<frozen importlib._bootstrap_external>","lineno":999,"name":"exec_module"},{"filename":"<frozen importlib._bootstrap>","lineno":488,"name":"_call_with_frames_removed"},{"filename":"/opt/airflow/dags/sample_dag.py","lineno":34,"name":"<module>"},{"filename":"/home/airflow/.local/lib/python3.12/site-packages/airflow/sdk/bases/operator.py","lineno":513,"name":"apply_defaults"},{"filename":"/home/airflow/.local/lib/python3.12/site-packages/airflow/providers/standard/operators/python.py","lineno":180,"name":"__init__"},{"filename":"/home/airflow/.local/lib/python3.12/site-packages/airflow/sdk/bases/operator.py","lineno":513,"name":"apply_defaults"},{"filename":"/home/airflow/.local/lib/python3.12/site-packages/airflow/models/baseoperator.py","lineno":293,"name":"__init__"},{"filename":"/home/airflow/.local/lib/python3.12/site-packages/airflow/sdk/bases/operator.py","lineno":513,"name":"apply_defaults"},{"filename":"/home/airflow/.local/lib/python3.12/site-packages/airflow/sdk/bases/operator.py","lineno":1041,"name":"__init__"},{"filename":"/home/airflow/.local/lib/python3.12/site-packages/airflow/sdk/definitions/_internal/node.py","lineno":49,"name":"validate_key"}]}]}
{"timestamp":"2026-09-28T18:07:58.343385","level":"info","event":"Filling up the DagBag from /opt/airflow/dags/sample_dag.py","logger":"airflow.models.dagbag.DagBag"}
{"timestamp":"2026-09-28T18:07:59.450567","level":"error","event":"Failed to import: /opt/airflow/dags/sample_dag.py","logger":"airflow.models.dagbag.DagBag","error_detail":[{"exc_type":"ValueError","exc_value":"The key 'used to extracted data' has to be made of alphanumeric characters, dashes, dots, and underscores exclusively","exc_notes":[],"syntax_error":null,"is_cause":false,"frames":[{"filename":"/home/airflow/.local/lib/python3.12/site-packages/airflow/models/dagbag.py","lineno":382,"name":"parse"},{"filename":"<frozen importlib._bootstrap_external>","lineno":999,"name":"exec_module"},{"filename":"<frozen importlib._bootstrap>","lineno":488,"name":"_call_with_frames_removed"},{"filename":"/opt/airflow/dags/sample_dag.py","lineno":34,"name":"<module>"},{"filename":"/home/airflow/.local/lib/python3.12/site-packages/airflow/sdk/bases/operator.py","lineno":513,"name":"apply_defaults"},{"filename":"/home/airflow/.local/lib/python3.12/site-packages/airflow/providers/standard/operators/python.py","lineno":180,"name":"__init__"},{"filename":"/home/airflow/.local/lib/python3.12/site-packages/airflow/sdk/bases/operator.py","lineno":513,"name":"apply_defaults"},{"filename":"/home/airflow/.local/lib/python3.12/site-packages/airflow/models/baseoperator.py","lineno":293,"name":"__init__"},{"filename":"/home/airflow/.local/lib/python3.12/site-packages/airflow/sdk/bases/operator.py","lineno":513,"name":"apply_defaults"},{"filename":"/home/airflow/.local/lib/python3.12/site-packages/airflow/sdk/bases/operator.py","lineno":1041,"name":"__init__"},{"filename":"/home/airflow/.local/lib/python3.12/site-packages/airflow/sdk/definitions/_internal/node.py","lineno":49,"name":"validate_key"}]}]}
{"timestamp":"2026-09-28T18:11:21.248398","level":"info","event":"Filling up the DagBag from /opt/airflow/dags/sample_dag.py","logger":"airflow.models.dagbag.DagBag"}
{"timestamp":"2026-09-28T18:11:21.516280","level":"error","event":"Failed to import: /opt/airflow/dags/sample_dag.py","logger":"airflow.models.dagbag.DagBag","error_detail":[{"exc_type":"ValueError","exc_value":"The key 'used to extracted data' has to be made of alphanumeric characters, dashes, dots, and underscores exclusively","exc_notes":[],"syntax_error":null,"is_cause":false,"frames":[{"filename":"/home/airflow/.local/lib/python3.12/site-packages/airflow/models/dagbag.py","lineno":382,"name":"parse"},{"filename":"<frozen importlib._bootstrap_external>","lineno":999,"name":"exec_module"},{"filename":"<frozen importlib._bootstrap>","lineno":488,"name":"_call_with_frames_removed"},{"filename":"/opt/airflow/dags/sample_dag.py","lineno":34,"name":"<module>"},{"filename":"/home/airflow/.local/lib/python3.12/site-packages/airflow/sdk/bases/operator.py","lineno":513,"name":"apply_defaults"},{"filename":"/home/airflow/.local/lib/python3.12/site-packages/airflow/providers/standard/operators/python.py","lineno":180,"name":"__init__"},{"filename":"/home/airflow/.local/lib/python3.12/site-packages/airflow/sdk/bases/operator.py","lineno":513,"name":"apply_defaults"},{"filename":"/home/airflow/.local/lib/python3.12/site-packages/airflow/models/baseoperator.py","lineno":293,"name":"__init__"},{"filename":"/home/airflow/.local/lib/python3.12/site-packages/airflow/sdk/bases/operator.py","lineno":513,"name":"apply_defaults"},{"filename":"/home/airflow/.local/lib/python3.12/site-packages/airflow/sdk/bases/operator.py","lineno":1041,"name":"__init__"},{"filename":"/home/airflow/.local/lib/python3.12/site-packages/airflow/sdk/definitions/_internal/node.py","lineno":49,"name":"validate_key"}]}]}
{"timestamp":"2026-09-28T18:13:22.981868","level":"info","event":"Filling up the DagBag from /opt/airflow/dags/sample_dag.py","logger":"airflow.models.dagbag.DagBag"}
{"timestamp":"2026-09-28T18:13:23.033443","level":"error","event":"Failed to import: /opt/airflow/dags/sample_dag.py","logger":"airflow.models.dagbag.DagBag","error_detail":[{"exc_type":"ValueError","exc_value":"The key 'used to extracted data' has to be made of alphanumeric characters, dashes, dots, and underscores exclusively","exc_notes":[],"syntax_error":null,"is_cause":false,"frames":[{"filename":"/home/airflow/.local/lib/python3.12/site-packages/airflow/models/dagbag.py","lineno":382,"name":"parse"},{"filename":"<frozen importlib._bootstrap_external>","lineno":999,"name":"exec_module"},{"filename":"<frozen importlib._bootstrap>","lineno":488,"name":"_call_with_frames_removed"},{"filename":"/opt/airflow/dags/sample_dag.py","lineno":34,"name":"<module>"},{"filename":"/home/airflow/.local/lib/python3.12/site-packages/airflow/sdk/bases/operator.py","lineno":513,"name":"apply_defaults"},{"filename":"/home/airflow/.local/lib/python3.12/site-packages/airflow/providers/standard/operators/python.py","lineno":180,"name":"__init__"},{"filename":"/home/airflow/.local/lib/python3.12/site-packages/airflow/sdk/bases/operator.py","lineno":513,"name":"apply_defaults"},{"filename":"/home/airflow/.local/lib/python3.12/site-packages/airflow/models/baseoperator.py","lineno":293,"name":"__init__"},{"filename":"/home/airflow/.local/lib/python3.12/site-packages/airflow/sdk/bases/operator.py","lineno":513,"name":"apply_defaults"},{"filename":"/home/airflow/.local/lib/python3.12/site-packages/airflow/sdk/bases/operator.py","lineno":1041,"name":"__init__"},{"filename":"/home/airflow/.local/lib/python3.12/site-packages/airflow/sdk/definitions/_internal/node.py","lineno":49,"name":"validate_key"}]}]}
{"timestamp":"2026-09-28T18:13:54.266788","level":"info","event":"Filling up the DagBag from /opt/airflow/dags/sample_dag.py","logger":"airflow.models.dagbag.DagBag"}
{"timestamp":"2026-09-28T18:13:54.351894","level":"error","event":"Failed to import: /opt/airflow/dags/sample_dag.py","logger":"airflow.models.dagbag.DagBag","error_detail":[{"exc_type":"ValueError","exc_value":"The key 'used to extracted data' has to be made of alphanumeric characters, dashes, dots, and underscores exclusively","exc_notes":[],"syntax_error":null,"is_cause":false,"frames":[{"filename":"/home/airflow/.local/lib/python3.12/site-packages/airflow/models/dagbag.py","lineno":382,"name":"parse"},{"filename":"<frozen importlib._bootstrap_external>","lineno":999,"name":"exec_module"},{"filename":"<frozen importlib._bootstrap>","lineno":488,"name":"_call_with_frames_removed"},{"filename":"/opt/airflow/dags/sample_dag.py","lineno":34,"name":"<module>"},{"filename":"/home/airflow/.local/lib/python3.12/site-packages/airflow/sdk/bases/operator.py","lineno":513,"name":"apply_defaults"},{"filename":"/home/airflow/.local/lib/python3.12/site-packages/airflow/providers/standard/operators/python.py","lineno":180,"name":"__init__"},{"filename":"/home/airflow/.local/lib/python3.12/site-packages/airflow/sdk/bases/operator.py","lineno":513,"name":"apply_defaults"},{"filename":"/home/airflow/.local/lib/python3.12/site-packages/airflow/models/baseoperator.py","lineno":293,"name":"__init__"},{"filename":"/home/airflow/.local/lib/python3.12/site-packages/airflow/sdk/bases/operator.py","lineno":513,"name":"apply_defaults"},{"filename":"/home/airflow/.local/lib/python3.12/site-packages/airflow/sdk/bases/operator.py","lineno":1041,"name":"__init__"},{"filename":"/home/airflow/.local/lib/python3.12/site-packages/airflow/sdk/definitions/_internal/node.py","lineno":49,"name":"validate_key"}]}]}
{"timestamp":"2026-09-28T18:19:18.563375","level":"info","event":"Filling up the DagBag from /opt/airflow/dags/sample_dag.py","logger":"airflow.models.dagbag.DagBag"}
{"timestamp":"2026-09-28T18:20:19.796329","level":"info","event":"Filling up the DagBag from /opt/airflow/dags/sample_dag.py","logger":"airflow.models.dagbag.DagBag"}
{"timestamp":"2026-09-28T18:20:55.574197","level":"info","event":"Filling up the DagBag from /opt/airflow/dags/sample_dag.py","logger":"airflow.models.dagbag.DagBag"}
{"timestamp":"2026-09-28T18:24:50.035774","level":"info","event":"Filling up the DagBag from /opt/airflow/dags/sample_dag.py","logger":"airflow.models.dagbag.DagBag"}
{"timestamp":"2026-09-28T18:25:48.748215","level":"info","event":"Filling up the DagBag from /opt/airflow/dags/sample_dag.py","logger":"airflow.models.dagbag.DagBag"}
{"timestamp":"2026-09-28T18:28:22.101023","level":"info","event":"Filling up the DagBag from /opt/airflow/dags/sample_dag.py","logger":"airflow.models.dagbag.DagBag"}
{"timestamp":"2026-09-28T18:29:04.615071","level":"info","event":"Filling up the DagBag from /opt/airflow/dags/sample_dag.py","logger":"airflow.models.dagbag.DagBag"}
{"timestamp":"2026-09-28T18:29:36.068425","level":"info","event":"Filling up the DagBag from /opt/airflow/dags/sample_dag.py","logger":"airflow.models.dagbag.DagBag"}
{"timestamp":"2026-09-28T18:30:06.692372","level":"info","event":"Filling up the DagBag from /opt/airflow/dags/sample_dag.py","logger":"airflow.models.dagbag.DagBag"}
{"timestamp":"2026-09-28T18:36:32.171681","level":"info","event":"Filling up the DagBag from /opt/airflow/dags/sample_dag.py","logger":"airflow.models.dagbag.DagBag"}
{"timestamp":"2026-09-28T18:37:14.071834","level":"info","event":"Filling up the DagBag from /opt/airflow/dags/sample_dag.py","logger":"airflow.models.dagbag.DagBag"}
{"timestamp":"2026-09-28T18:37:45.758310","level":"info","event":"Filling up the DagBag from /opt/airflow/dags/sample_dag.py","logger":"airflow.models.dagbag.DagBag"}
{"timestamp":"2026-09-28T18:38:16.736604","level":"info","event":"Filling up the DagBag from /opt/airflow/dags/sample_dag.py","logger":"airflow.models.dagbag.DagBag"}
{"timestamp":"2026-09-28T18:39:17.883474","level":"info","event":"Filling up the DagBag from /opt/airflow/dags/sample_dag.py","logger":"airflow.models.dagbag.DagBag"}
{"timestamp":"2026-09-28T18:39:49.818997","level":"info","event":"Filling up the DagBag from /opt/airflow/dags/sample_dag.py","logger":"airflow.models.dagbag.DagBag"}
{"timestamp":"2026-09-28T18:40:21.239906","level":"info","event":"Filling up the DagBag from /opt/airflow/dags/sample_dag.py","logger":"airflow.models.dagbag.DagBag"}
{"timestamp":"2026-09-28T18:47:39.947818","level":"info","event":"Filling up the DagBag from /opt/airflow/dags/sample_dag.py","logger":"airflow.models.dagbag.DagBag"}
{"timestamp":"2026-09-28T18:47:48.438663","level":"info","event":"Filling up the DagBag from /opt/airflow/dags/sample_dag.py","logger":"airflow.models.dagbag.DagBag"}
{"timestamp":"2026-09-28T18:50:05.591068","level":"info","event":"Filling up the DagBag from /opt/airflow/dags/sample_dag.py","logger":"airflow.models.dagbag.DagBag"}
{"timestamp":"2026-09-28T18:50:43.690626","level":"info","event":"Filling up the DagBag from /opt/airflow/dags/sample_dag.py","logger":"airflow.models.dagbag.DagBag"}
{"timestamp":"2026-09-28T18:51:14.942600","level":"info","event":"Filling up the DagBag from /opt/airflow/dags/sample_dag.py","logger":"airflow.models.dagbag.DagBag"}
{"timestamp":"2026-09-28T18:51:46.487992","level":"info","event":"Filling up the DagBag from /opt/airflow/dags/sample_dag.py","logger":"airflow.models.dagbag.DagBag"}
{"timestamp":"2026-09-28T18:52:18.046172","level":"info","event":"Filling up the DagBag from /opt/airflow/dags/sample_dag.py","logger":"airflow.models.dagbag.DagBag"}
{"timestamp":"2026-09-28T18:52:52.826470","level":"info","event":"Filling up the DagBag from /opt/airflow/dags/sample_dag.py","logger":"airflow.models.dagbag.DagBag"}
{"timestamp":"2026-09-28T18:57:17.388357","level":"info","event":"Filling up the DagBag from /opt/airflow/dags/sample_dag.py","logger":"airflow.models.dagbag.DagBag"}
{"timestamp":"2026-09-28T18:57:57.072876","level":"info","event":"Filling up the DagBag from /opt/airflow/dags/sample_dag.py","logger":"airflow.models.dagbag.DagBag"}
{"timestamp":"2026-09-28T18:59:40.243237","level":"info","event":"Filling up the DagBag from /opt/airflow/dags/sample_dag.py","logger":"airflow.models.dagbag.DagBag"}
{"timestamp":"2026-09-28T19:02:13.321753","level":"info","event":"Filling up the DagBag from /opt/airflow/dags/sample_dag.py","logger":"airflow.models.dagbag.DagBag"}
{"timestamp":"2026-09-28T19:02:47.235421","level":"info","event":"Filling up the DagBag from /opt/airflow/dags/sample_dag.py","logger":"airflow.models.dagbag.DagBag"}
{"timestamp":"2026-09-28T19:04:54.379462","level":"info","event":"Filling up the DagBag from /opt/airflow/dags/sample_dag.py","logger":"airflow.models.dagbag.DagBag"}
{"timestamp":"2026-09-28T19:05:31.492202","level":"info","event":"Filling up the DagBag from /opt/airflow/dags/sample_dag.py","logger":"airflow.models.dagbag.DagBag"}
{"timestamp":"2026-09-28T19:06:02.274904","level":"info","event":"Filling up the DagBag from /opt/airflow/dags/sample_dag.py","logger":"airflow.models.dagbag.DagBag"}
{"timestamp":"2026-09-28T19:06:32.860837","level":"info","event":"Filling up the DagBag from /opt/airflow/dags/sample_dag.py","logger":"airflow.models.dagbag.DagBag"}
{"timestamp":"2026-09-28T19:07:03.515693","level":"info","event":"Filling up the DagBag from /opt/airflow/dags/sample_dag.py","logger":"airflow.models.dagbag.DagBag"}
{"timestamp":"2026-09-28T19:09:51.706325","level":"info","event":"Filling up the DagBag from /opt/airflow/dags/sample_dag.py","logger":"airflow.models.dagbag.DagBag"}
{"timestamp":"2026-09-28T19:10:25.010358","level":"info","event":"Filling up the DagBag from /opt/airflow/dags/sample_dag.py","logger":"airflow.models.dagbag.DagBag"}
{"timestamp":"2026-09-28T19:10:55.777076","level":"info","event":"Filling up the DagBag from /opt/airflow/dags/sample_dag.py","logger":"airflow.models.dagbag.DagBag"}
{"timestamp":"2026-09-28T19:11:26.550168","level":"info","event":"Filling up the DagBag from /opt/airflow/dags/sample_dag.py","logger":"airflow.models.dagbag.DagBag"}
{"timestamp":"2026-09-28T19:11:57.125781","level":"info","event":"Filling up the DagBag from /opt/airflow/dags/sample_dag.py","logger":"airflow.models.dagbag.DagBag"}
{"timestamp":"2026-09-28T19:12:27.620322","level":"info","event":"Filling up the DagBag from /opt/airflow/dags/sample_dag.py","logger":"airflow.models.dagbag.DagBag"}
{"timestamp":"2026-09-28T19:12:58.154853","level":"info","event":"Filling up the DagBag from /opt/airflow/dags/sample_dag.py","logger":"airflow.models.dagbag.DagBag"}
{"timestamp":"2026-09-28T19:13:28.691413","level":"info","event":"Filling up the DagBag from /opt/airflow/dags/sample_dag.py","logger":"airflow.models.dagbag.DagBag"}
{"timestamp":"2026-09-28T19:13:59.252285","level":"info","event":"Filling up the DagBag from /opt/airflow/dags/sample_dag.py","logger":"airflow.models.dagbag.DagBag"}
{"timestamp":"2026-09-28T19:14:30.868198","level":"info","event":"Filling up the DagBag from /opt/airflow/dags/sample_dag.py","logger":"airflow.models.dagbag.DagBag"}
{"timestamp":"2026-09-28T19:15:01.408171","level":"info","event":"Filling up the DagBag from /opt/airflow/dags/sample_dag.py","logger":"airflow.models.dagbag.DagBag"}
{"timestamp":"2026-09-28T19:15:32.142063","level":"info","event":"Filling up the DagBag from /opt/airflow/dags/sample_dag.py","logger":"airflow.models.dagbag.DagBag"}
{"timestamp":"2026-09-28T19:16:02.803074","level":"info","event":"Filling up the DagBag from /opt/airflow/dags/sample_dag.py","logger":"airflow.models.dagbag.DagBag"}
{"timestamp":"2026-09-28T19:16:33.664200","level":"info","event":"Filling up the DagBag from /opt/airflow/dags/sample_dag.py","logger":"airflow.models.dagbag.DagBag"}
{"timestamp":"2026-09-28T19:17:04.294937","level":"info","event":"Filling up the DagBag from /opt/airflow/dags/sample_dag.py","logger":"airflow.models.dagbag.DagBag"}
{"timestamp":"2026-09-28T19:17:34.872273","level":"info","event":"Filling up the DagBag from /opt/airflow/dags/sample_dag.py","logger":"airflow.models.dagbag.DagBag"}
{"timestamp":"2026-09-28T19:18:05.492478","level":"info","event":"Filling up the DagBag from /opt/airflow/dags/sample_dag.py","logger":"airflow.models.dagbag.DagBag"}
{"timestamp":"2026-09-28T19:18:35.949925","level":"info","event":"Filling up the DagBag from /opt/airflow/dags/sample_dag.py","logger":"airflow.models.dagbag.DagBag"}
{"timestamp":"2026-09-28T19:19:06.404818","level":"info","event":"Filling up the DagBag from /opt/airflow/dags/sample_dag.py","logger":"airflow.models.dagbag.DagBag"}
{"timestamp":"2026-09-28T19:19:36.840054","level":"info","event":"Filling up the DagBag from /opt/airflow/dags/sample_dag.py","logger":"airflow.models.dagbag.DagBag"}
{"timestamp":"2026-09-28T19:20:07.249596","level":"info","event":"Filling up the DagBag from /opt/airflow/dags/sample_dag.py","logger":"airflow.models.dagbag.DagBag"}
{"timestamp":"2026-09-28T19:20:37.651108","level":"info","event":"Filling up the DagBag from /opt/airflow/dags/sample_dag.py","logger":"airflow.models.dagbag.DagBag"}
{"timestamp":"2026-09-28T19:21:08.068582","level":"info","event":"Filling up the DagBag from /opt/airflow/dags/sample_dag.py","logger":"airflow.models.dagbag.DagBag"}
{"timestamp":"2026-09-28T19:21:38.471767","level":"info","event":"Filling up the DagBag from /opt/airflow/dags/sample_dag.py","logger":"airflow.models.dagbag.DagBag"}
{"timestamp":"2026-09-28T19:22:08.873489","level":"info","event":"Filling up the DagBag from /opt/airflow/dags/sample_dag.py","logger":"airflow.models.dagbag.DagBag"}
{"timestamp":"2026-09-28T19:22:39.302076","level":"info","event":"Filling up the DagBag from /opt/airflow/dags/sample_dag.py","logger":"airflow.models.dagbag.DagBag"}
{"timestamp":"2026-09-28T19:23:09.774854","level":"info","event":"Filling up the DagBag from /opt/airflow/dags/sample_dag.py","logger":"airflow.models.dagbag.DagBag"}
{"timestamp":"2026-09-28T19:23:41.298861","level":"info","event":"Filling up the DagBag from /opt/airflow/dags/sample_dag.py","logger":"airflow.models.dagbag.DagBag"}
{"timestamp":"2026-09-28T19:24:11.751456","level":"info","event":"Filling up the DagBag from /opt/airflow/dags/sample_dag.py","logger":"airflow.models.dagbag.DagBag"}
{"timestamp":"2026-09-28T19:24:42.185504","level":"info","event":"Filling up the DagBag from /opt/airflow/dags/sample_dag.py","logger":"airflow.models.dagbag.DagBag"}
{"timestamp":"2026-09-28T19:25:12.742053","level":"info","event":"Filling up the DagBag from /opt/airflow/dags/sample_dag.py","logger":"airflow.models.dagbag.DagBag"}
{"timestamp":"2026-09-28T19:25:43.334796","level":"info","event":"Filling up the DagBag from /opt/airflow/dags/sample_dag.py","logger":"airflow.models.dagbag.DagBag"}
{"timestamp":"2026-09-28T19:26:13.784569","level":"info","event":"Filling up the DagBag from /opt/airflow/dags/sample_dag.py","logger":"airflow.models.dagbag.DagBag"}
{"timestamp":"2026-09-28T19:26:46.302205","level":"info","event":"Filling up the DagBag from /opt/airflow/dags/sample_dag.py","logger":"airflow.models.dagbag.DagBag"}
{"timestamp":"2026-09-28T19:27:16.633538","level":"info","event":"Filling up the DagBag from /opt/airflow/dags/sample_dag.py","logger":"airflow.models.dagbag.DagBag"}
{"timestamp":"2026-09-28T19:28:08.466480","level":"info","event":"Filling up the DagBag from /opt/airflow/dags/sample_dag.py","logger":"airflow.models.dagbag.DagBag"}
{"timestamp":"2026-09-28T19:33:42.382790","level":"info","event":"Filling up the DagBag from /opt/airflow/dags/sample_dag.py","logger":"airflow.models.dagbag.DagBag"}
{"timestamp":"2026-09-28T19:34:18.410325","level":"info","event":"Filling up the DagBag from /opt/airflow/dags/sample_dag.py","logger":"airflow.models.dagbag.DagBag"}
{"timestamp":"2026-09-28T19:35:24.467389","level":"info","event":"Filling up the DagBag from /opt/airflow/dags/sample_dag.py","logger":"airflow.models.dagbag.DagBag"}
{"timestamp":"2026-09-28T19:36:20.865780","level":"info","event":"Filling up the DagBag from /opt/airflow/dags/sample_dag.py","logger":"airflow.models.dagbag.DagBag"}
{"timestamp":"2026-09-28T19:36:30.431813","level":"info","event":"Filling up the DagBag from /opt/airflow/dags/sample_dag.py","logger":"airflow.models.dagbag.DagBag"}
{"timestamp":"2026-09-28T19:36:30.642064","level":"error","event":"Failed to import: /opt/airflow/dags/sample_dag.py","logger":"airflow.models.dagbag.DagBag","error_detail":[{"exc_type":"NameError","exc_value":"name 'seco' is not defined","exc_notes":[],"syntax_error":null,"is_cause":false,"frames":[{"filename":"/home/airflow/.local/lib/python3.12/site-packages/airflow/models/dagbag.py","lineno":382,"name":"parse"},{"filename":"<frozen importlib._bootstrap_external>","lineno":999,"name":"exec_module"},{"filename":"<frozen importlib._bootstrap>","lineno":488,"name":"_call_with_frames_removed"},{"filename":"/opt/airflow/dags/sample_dag.py","lineno":28,"name":"<module>"}]}]}
{"timestamp":"2026-09-28T19:36:33.181905","level":"info","event":"Filling up the DagBag from /opt/airflow/dags/sample_dag.py","logger":"airflow.models.dagbag.DagBag"}
{"timestamp":"2026-09-28T19:36:33.315602","level":"error","event":"Failed to import: /opt/airflow/dags/sample_dag.py","logger":"airflow.models.dagbag.DagBag","error_detail":[{"exc_type":"TypeError","exc_value":"unsupported type for timedelta days component: builtin_function_or_method","exc_notes":[],"syntax_error":null,"is_cause":false,"frames":[{"filename":"/home/airflow/.local/lib/python3.12/site-packages/airflow/models/dagbag.py","lineno":382,"name":"parse"},{"filename":"<frozen importlib._bootstrap_external>","lineno":999,"name":"exec_module"},{"filename":"<frozen importlib._bootstrap>","lineno":488,"name":"_call_with_frames_removed"},{"filename":"/opt/airflow/dags/sample_dag.py","lineno":28,"name":"<module>"}]}]}
{"timestamp":"2026-09-28T19:36:35.526995","level":"info","event":"Filling up the DagBag from /opt/airflow/dags/sample_dag.py","logger":"airflow.models.dagbag.DagBag"}
{"timestamp":"2026-09-28T19:36:35.631924","level":"error","event":"Failed to import: /opt/airflow/dags/sample_dag.py","logger":"airflow.models.dagbag.DagBag","error_detail":[{"exc_type":"NameError","exc_value":"name 'minu' is not defined","exc_notes":[],"syntax_error":null,"is_cause":false,"frames":[{"filename":"/home/airflow/.local/lib/python3.12/site-packages/airflow/models/dagbag.py","lineno":382,"name":"parse"},{"filename":"<frozen importlib._bootstrap_external>","lineno":999,"name":"exec_module"},{"filename":"<frozen importlib._bootstrap>","lineno":488,"name":"_call_with_frames_removed"},{"filename":"/opt/airflow/dags/sample_dag.py","lineno":28,"name":"<module>"}]}]}
{"timestamp":"2026-09-28T19:36:39.163503","level":"info","event":"Filling up the DagBag from /opt/airflow/dags/sample_dag.py","logger":"airflow.models.dagbag.DagBag"}
{"timestamp":"2026-09-28T19:36:39.211966","level":"error","event":"Failed to import: /opt/airflow/dags/sample_dag.py","logger":"airflow.models.dagbag.DagBag","error_detail":[{"exc_type":"SyntaxError","exc_value":"expected argument value expression (sample_dag.py, line 28)","exc_notes":[],"syntax_error":{"offset":24,"filename":"/opt/airflow/dags/sample_dag.py","line":"    schedule=timedelta(minutes=),\n","lineno":28,"msg":"expected argument value expression"},"is_cause":false,"frames":[{"filename":"/home/airflow/.local/lib/python3.12/site-packages/airflow/models/dagbag.py","lineno":382,"name":"parse"},{"filename":"<frozen importlib._bootstrap_external>","lineno":995,"name":"exec_module"},{"filename":"<frozen importlib._bootstrap_external>","lineno":1133,"name":"get_code"},{"filename":"<frozen importlib._bootstrap_external>","lineno":1063,"name":"source_to_code"},{"filename":"<frozen importlib._bootstrap>","lineno":488,"name":"_call_with_frames_removed"}]}]}
{"timestamp":"2026-09-28T19:36:42.080772","level":"info","event":"Filling up the DagBag from /opt/airflow/dags/sample_dag.py","logger":"airflow.models.dagbag.DagBag"}
{"timestamp":"2026-09-28T19:36:56.935739","level":"info","event":"Filling up the DagBag from /opt/airflow/dags/sample_dag.py","logger":"airflow.models.dagbag.DagBag"}
{"timestamp":"2026-09-28T19:36:57.283344","level":"error","event":"Failed to bag_dag: /opt/airflow/dags/sample_dag.py","logger":"airflow.models.dagbag.DagBag","error_detail":[{"exc_type":"AirflowTimetableInvalid","exc_value":"schedule interval must be positive, not datetime.timedelta(0)","exc_notes":[],"syntax_error":null,"is_cause":false,"frames":[{"filename":"/home/airflow/.local/lib/python3.12/site-packages/airflow/models/dagbag.py","lineno":490,"name":"_process_modules"},{"filename":"/home/airflow/.local/lib/python3.12/site-packages/airflow/models/dag.py","lineno":449,"name":"validate"},{"filename":"/home/airflow/.local/lib/python3.12/site-packages/airflow/sdk/definitions/dag.py","lineno":604,"name":"validate"},{"filename":"/home/airflow/.local/lib/python3.12/site-packages/airflow/timetables/_delta.py","lineno":44,"name":"validate"}]}]}
{"timestamp":"2026-09-28T19:37:01.049779","level":"info","event":"Filling up the DagBag from /opt/airflow/dags/sample_dag.py","logger":"airflow.models.dagbag.DagBag"}
{"timestamp":"2026-09-28T19:37:01.078667","level":"error","event":"Failed to import: /opt/airflow/dags/sample_dag.py","logger":"airflow.models.dagbag.DagBag","error_detail":[{"exc_type":"NameError","exc_value":"name 'seco' is not defined","exc_notes":[],"syntax_error":null,"is_cause":false,"frames":[{"filename":"/home/airflow/.local/lib/python3.12/site-packages/airflow/models/dagbag.py","lineno":382,"name":"parse"},{"filename":"<frozen importlib._bootstrap_external>","lineno":999,"name":"exec_module"},{"filename":"<frozen importlib._bootstrap>","lineno":488,"name":"_call_with_frames_removed"},{"filename":"/opt/airflow/dags/sample_dag.py","lineno":28,"name":"<module>"}]}]}
{"timestamp":"2026-09-28T19:37:02.410939","level":"info","event":"Filling up the DagBag from /opt/airflow/dags/sample_dag.py","logger":"airflow.models.dagbag.DagBag"}
{"timestamp":"2026-09-28T19:37:02.440837","level":"error","event":"Failed to import: /opt/airflow/dags/sample_dag.py","logger":"airflow.models.dagbag.DagBag","error_detail":[{"exc_type":"NameError","exc_value":"name 'sec' is not defined","exc_notes":[],"syntax_error":null,"is_cause":false,"frames":[{"filename":"/home/airflow/.local/lib/python3.12/site-packages/airflow/models/dagbag.py","lineno":382,"name":"parse"},{"filename":"<frozen importlib._bootstrap_external>","lineno":999,"name":"exec_module"},{"filename":"<frozen importlib._bootstrap>","lineno":488,"name":"_call_with_frames_removed"},{"filename":"/opt/airflow/dags/sample_dag.py","lineno":28,"name":"<module>"}]}]}
{"timestamp":"2026-09-28T19:37:03.877114","level":"info","event":"Filling up the DagBag from /opt/airflow/dags/sample_dag.py","logger":"airflow.models.dagbag.DagBag"}
{"timestamp":"2026-09-28T19:37:03.968139","level":"error","event":"Failed to import: /opt/airflow/dags/sample_dag.py","logger":"airflow.models.dagbag.DagBag","error_detail":[{"exc_type":"NameError","exc_value":"name 's' is not defined","exc_notes":[],"syntax_error":null,"is_cause":false,"frames":[{"filename":"/home/airflow/.local/lib/python3.12/site-packages/airflow/models/dagbag.py","lineno":382,"name":"parse"},{"filename":"<frozen importlib._bootstrap_external>","lineno":999,"name":"exec_module"},{"filename":"<frozen importlib._bootstrap>","lineno":488,"name":"_call_with_frames_removed"},{"filename":"/opt/airflow/dags/sample_dag.py","lineno":28,"name":"<module>"}]}]}
{"timestamp":"2026-09-28T19:37:06.397138","level":"info","event":"Filling up the DagBag from /opt/airflow/dags/sample_dag.py","logger":"airflow.models.dagbag.DagBag"}
{"timestamp":"2026-09-28T19:37:06.426293","level":"error","event":"Failed to import: /opt/airflow/dags/sample_dag.py","logger":"airflow.models.dagbag.DagBag","error_detail":[{"exc_type":"TypeError","exc_value":"unsupported type for timedelta days component: builtin_function_or_method","exc_notes":[],"syntax_error":null,"is_cause":false,"frames":[{"filename":"/home/airflow/.local/lib/python3.12/site-packages/airflow/models/dagbag.py","lineno":382,"name":"parse"},{"filename":"<frozen importlib._bootstrap_external>","lineno":999,"name":"exec_module"},{"filename":"<frozen importlib._bootstrap>","lineno":488,"name":"_call_with_frames_removed"},{"filename":"/opt/airflow/dags/sample_dag.py","lineno":28,"name":"<module>"}]}]}
{"timestamp":"2026-09-28T19:37:09.771228","level":"info","event":"Filling up the DagBag from /opt/airflow/dags/sample_dag.py","logger":"airflow.models.dagbag.DagBag"}
{"timestamp":"2026-09-28T19:37:09.832321","level":"error","event":"Failed to import: /opt/airflow/dags/sample_dag.py","logger":"airflow.models.dagbag.DagBag","error_detail":[{"exc_type":"NameError","exc_value":"name 'minute' is not defined","exc_notes":[],"syntax_error":null,"is_cause":false,"frames":[{"filename":"/home/airflow/.local/lib/python3.12/site-packages/airflow/models/dagbag.py","lineno":382,"name":"parse"},{"filename":"<frozen importlib._bootstrap_external>","lineno":999,"name":"exec_module"},{"filename":"<frozen importlib._bootstrap>","lineno":488,"name":"_call_with_frames_removed"},{"filename":"/opt/airflow/dags/sample_dag.py","lineno":28,"name":"<module>"}]}]}
{"timestamp":"2026-09-28T19:37:13.812466","level":"info","event":"Filling up the DagBag from /opt/airflow/dags/sample_dag.py","logger":"airflow.models.dagbag.DagBag"}
{"timestamp":"2026-09-28T19:37:44.621259","level":"info","event":"Filling up the DagBag from /opt/airflow/dags/sample_dag.py","logger":"airflow.models.dagbag.DagBag"}
{"timestamp":"2026-09-28T19:38:21.339530","level":"info","event":"Filling up the DagBag from /opt/airflow/dags/sample_dag.py","logger":"airflow.models.dagbag.DagBag"}
{"timestamp":"2026-09-28T19:41:00.621451","level":"info","event":"Filling up the DagBag from /opt/airflow/dags/sample_dag.py","logger":"airflow.models.dagbag.DagBag"}
{"timestamp":"2026-09-28T19:41:36.131667","level":"info","event":"Filling up the DagBag from /opt/airflow/dags/sample_dag.py","logger":"airflow.models.dagbag.DagBag"}
{"timestamp":"2026-09-28T19:42:06.656833","level":"info","event":"Filling up the DagBag from /opt/airflow/dags/sample_dag.py","logger":"airflow.models.dagbag.DagBag"}
{"timestamp":"2026-09-28T19:42:59.200681","level":"info","event":"Filling up the DagBag from /opt/airflow/dags/sample_dag.py","logger":"airflow.models.dagbag.DagBag"}
{"timestamp":"2026-09-28T19:43:46.789776","level":"info","event":"Filling up the DagBag from /opt/airflow/dags/sample_dag.py","logger":"airflow.models.dagbag.DagBag"}
{"timestamp":"2026-09-28T19:45:24.570479","level":"info","event":"Filling up the DagBag from /opt/airflow/dags/sample_dag.py","logger":"airflow.models.dagbag.DagBag"}
{"timestamp":"2026-09-28T19:45:57.646177","level":"info","event":"Filling up the DagBag from /opt/airflow/dags/sample_dag.py","logger":"airflow.models.dagbag.DagBag"}
{"timestamp":"2026-09-28T19:46:29.821943","level":"info","event":"Filling up the DagBag from /opt/airflow/dags/sample_dag.py","logger":"airflow.models.dagbag.DagBag"}
{"timestamp":"2026-09-28T19:47:02.465923","level":"info","event":"Filling up the DagBag from /opt/airflow/dags/sample_dag.py","logger":"airflow.models.dagbag.DagBag"}
{"timestamp":"2026-09-28T19:47:33.142159","level":"info","event":"Filling up the DagBag from /opt/airflow/dags/sample_dag.py","logger":"airflow.models.dagbag.DagBag"}
{"timestamp":"2026-09-28T19:48:03.620200","level":"info","event":"Filling up the DagBag from /opt/airflow/dags/sample_dag.py","logger":"airflow.models.dagbag.DagBag"}
{"timestamp":"2026-09-28T19:48:34.082692","level":"info","event":"Filling up the DagBag from /opt/airflow/dags/sample_dag.py","logger":"airflow.models.dagbag.DagBag"}
{"timestamp":"2026-09-28T19:49:04.486260","level":"info","event":"Filling up the DagBag from /opt/airflow/dags/sample_dag.py","logger":"airflow.models.dagbag.DagBag"}
{"timestamp":"2026-09-28T19:49:34.891543","level":"info","event":"Filling up the DagBag from /opt/airflow/dags/sample_dag.py","logger":"airflow.models.dagbag.DagBag"}
{"timestamp":"2026-09-28T19:50:05.446888","level":"info","event":"Filling up the DagBag from /opt/airflow/dags/sample_dag.py","logger":"airflow.models.dagbag.DagBag"}
{"timestamp":"2026-09-28T19:50:37.067463","level":"info","event":"Filling up the DagBag from /opt/airflow/dags/sample_dag.py","logger":"airflow.models.dagbag.DagBag"}
{"timestamp":"2026-09-28T19:51:07.581667","level":"info","event":"Filling up the DagBag from /opt/airflow/dags/sample_dag.py","logger":"airflow.models.dagbag.DagBag"}
{"timestamp":"2026-09-28T19:51:38.028563","level":"info","event":"Filling up the DagBag from /opt/airflow/dags/sample_dag.py","logger":"airflow.models.dagbag.DagBag"}
{"timestamp":"2026-09-28T19:52:08.493675","level":"info","event":"Filling up the DagBag from /opt/airflow/dags/sample_dag.py","logger":"airflow.models.dagbag.DagBag"}
{"timestamp":"2026-09-28T19:52:38.945728","level":"info","event":"Filling up the DagBag from /opt/airflow/dags/sample_dag.py","logger":"airflow.models.dagbag.DagBag"}
{"timestamp":"2026-09-28T19:53:09.357707","level":"info","event":"Filling up the DagBag from /opt/airflow/dags/sample_dag.py","logger":"airflow.models.dagbag.DagBag"}
{"timestamp":"2026-09-28T19:53:39.801098","level":"info","event":"Filling up the DagBag from /opt/airflow/dags/sample_dag.py","logger":"airflow.models.dagbag.DagBag"}
{"timestamp":"2026-09-28T19:54:10.207709","level":"info","event":"Filling up the DagBag from /opt/airflow/dags/sample_dag.py","logger":"airflow.models.dagbag.DagBag"}
{"timestamp":"2026-09-28T19:54:40.653374","level":"info","event":"Filling up the DagBag from /opt/airflow/dags/sample_dag.py","logger":"airflow.models.dagbag.DagBag"}
{"timestamp":"2026-09-28T19:55:11.070931","level":"info","event":"Filling up the DagBag from /opt/airflow/dags/sample_dag.py","logger":"airflow.models.dagbag.DagBag"}
{"timestamp":"2026-09-28T19:55:41.520066","level":"info","event":"Filling up the DagBag from /opt/airflow/dags/sample_dag.py","logger":"airflow.models.dagbag.DagBag"}
{"timestamp":"2026-09-28T19:56:11.943160","level":"info","event":"Filling up the DagBag from /opt/airflow/dags/sample_dag.py","logger":"airflow.models.dagbag.DagBag"}
{"timestamp":"2026-09-28T19:56:42.374873","level":"info","event":"Filling up the DagBag from /opt/airflow/dags/sample_dag.py","logger":"airflow.models.dagbag.DagBag"}
{"timestamp":"2026-09-28T19:57:12.778896","level":"info","event":"Filling up the DagBag from /opt/airflow/dags/sample_dag.py","logger":"airflow.models.dagbag.DagBag"}
{"timestamp":"2026-09-28T19:57:43.220062","level":"info","event":"Filling up the DagBag from /opt/airflow/dags/sample_dag.py","logger":"airflow.models.dagbag.DagBag"}
{"timestamp":"2026-09-28T19:58:13.594020","level":"info","event":"Filling up the DagBag from /opt/airflow/dags/sample_dag.py","logger":"airflow.models.dagbag.DagBag"}
{"timestamp":"2026-09-28T19:58:44.011622","level":"info","event":"Filling up the DagBag from /opt/airflow/dags/sample_dag.py","logger":"airflow.models.dagbag.DagBag"}
{"timestamp":"2026-09-28T19:59:14.484895","level":"info","event":"Filling up the DagBag from /opt/airflow/dags/sample_dag.py","logger":"airflow.models.dagbag.DagBag"}
{"timestamp":"2026-09-28T19:59:44.890058","level":"info","event":"Filling up the DagBag from /opt/airflow/dags/sample_dag.py","logger":"airflow.models.dagbag.DagBag"}
{"timestamp":"2026-09-28T20:00:15.380403","level":"info","event":"Filling up the DagBag from /opt/airflow/dags/sample_dag.py","logger":"airflow.models.dagbag.DagBag"}
{"timestamp":"2026-09-28T20:00:45.805019","level":"info","event":"Filling up the DagBag from /opt/airflow/dags/sample_dag.py","logger":"airflow.models.dagbag.DagBag"}
{"timestamp":"2026-09-28T20:01:16.207515","level":"info","event":"Filling up the DagBag from /opt/airflow/dags/sample_dag.py","logger":"airflow.models.dagbag.DagBag"}
{"timestamp":"2026-09-28T20:01:46.635765","level":"info","event":"Filling up the DagBag from /opt/airflow/dags/sample_dag.py","logger":"airflow.models.dagbag.DagBag"}
{"timestamp":"2026-09-28T20:02:17.085817","level":"info","event":"Filling up the DagBag from /opt/airflow/dags/sample_dag.py","logger":"airflow.models.dagbag.DagBag"}
{"timestamp":"2026-09-28T20:02:47.556389","level":"info","event":"Filling up the DagBag from /opt/airflow/dags/sample_dag.py","logger":"airflow.models.dagbag.DagBag"}
{"timestamp":"2026-09-28T20:03:18.033445","level":"info","event":"Filling up the DagBag from /opt/airflow/dags/sample_dag.py","logger":"airflow.models.dagbag.DagBag"}
{"timestamp":"2026-09-28T20:03:48.466261","level":"info","event":"Filling up the DagBag from /opt/airflow/dags/sample_dag.py","logger":"airflow.models.dagbag.DagBag"}
{"timestamp":"2026-09-28T20:04:18.901247","level":"info","event":"Filling up the DagBag from /opt/airflow/dags/sample_dag.py","logger":"airflow.models.dagbag.DagBag"}
{"timestamp":"2026-09-28T20:04:49.313517","level":"info","event":"Filling up the DagBag from /opt/airflow/dags/sample_dag.py","logger":"airflow.models.dagbag.DagBag"}
{"timestamp":"2026-09-28T20:05:19.715603","level":"info","event":"Filling up the DagBag from /opt/airflow/dags/sample_dag.py","logger":"airflow.models.dagbag.DagBag"}
{"timestamp":"2026-09-28T20:05:50.095395","level":"info","event":"Filling up the DagBag from /opt/airflow/dags/sample_dag.py","logger":"airflow.models.dagbag.DagBag"}
{"timestamp":"2026-09-28T20:06:20.514060","level":"info","event":"Filling up the DagBag from /opt/airflow/dags/sample_dag.py","logger":"airflow.models.dagbag.DagBag"}
{"timestamp":"2026-09-28T20:06:50.934040","level":"info","event":"Filling up the DagBag from /opt/airflow/dags/sample_dag.py","logger":"airflow.models.dagbag.DagBag"}
{"timestamp":"2026-09-28T20:07:22.415876","level":"info","event":"Filling up the DagBag from /opt/airflow/dags/sample_dag.py","logger":"airflow.models.dagbag.DagBag"}
{"timestamp":"2026-09-28T20:07:52.823455","level":"info","event":"Filling up the DagBag from /opt/airflow/dags/sample_dag.py","logger":"airflow.models.dagbag.DagBag"}
{"timestamp":"2026-09-28T20:08:23.245282","level":"info","event":"Filling up the DagBag from /opt/airflow/dags/sample_dag.py","logger":"airflow.models.dagbag.DagBag"}
{"timestamp":"2026-09-28T20:08:53.673310","level":"info","event":"Filling up the DagBag from /opt/airflow/dags/sample_dag.py","logger":"airflow.models.dagbag.DagBag"}
{"timestamp":"2026-09-28T20:09:24.085755","level":"info","event":"Filling up the DagBag from /opt/airflow/dags/sample_dag.py","logger":"airflow.models.dagbag.DagBag"}
{"timestamp":"2026-09-28T20:09:54.519232","level":"info","event":"Filling up the DagBag from /opt/airflow/dags/sample_dag.py","logger":"airflow.models.dagbag.DagBag"}
{"timestamp":"2026-09-28T20:10:24.961630","level":"info","event":"Filling up the DagBag from /opt/airflow/dags/sample_dag.py","logger":"airflow.models.dagbag.DagBag"}
{"timestamp":"2026-09-28T20:10:56.444027","level":"info","event":"Filling up the DagBag from /opt/airflow/dags/sample_dag.py","logger":"airflow.models.dagbag.DagBag"}
{"timestamp":"2026-09-28T20:11:26.848311","level":"info","event":"Filling up the DagBag from /opt/airflow/dags/sample_dag.py","logger":"airflow.models.dagbag.DagBag"}
{"timestamp":"2026-09-28T20:11:57.252449","level":"info","event":"Filling up the DagBag from /opt/airflow/dags/sample_dag.py","logger":"airflow.models.dagbag.DagBag"}
{"timestamp":"2026-09-28T20:12:27.668407","level":"info","event":"Filling up the DagBag from /opt/airflow/dags/sample_dag.py","logger":"airflow.models.dagbag.DagBag"}
{"timestamp":"2026-09-28T20:12:58.122218","level":"info","event":"Filling up the DagBag from /opt/airflow/dags/sample_dag.py","logger":"airflow.models.dagbag.DagBag"}
{"timestamp":"2026-09-28T20:13:28.575200","level":"info","event":"Filling up the DagBag from /opt/airflow/dags/sample_dag.py","logger":"airflow.models.dagbag.DagBag"}
{"timestamp":"2026-09-28T20:13:59.006613","level":"info","event":"Filling up the DagBag from /opt/airflow/dags/sample_dag.py","logger":"airflow.models.dagbag.DagBag"}
{"timestamp":"2026-09-28T20:14:29.425618","level":"info","event":"Filling up the DagBag from /opt/airflow/dags/sample_dag.py","logger":"airflow.models.dagbag.DagBag"}
{"timestamp":"2026-09-28T20:14:59.816002","level":"info","event":"Filling up the DagBag from /opt/airflow/dags/sample_dag.py","logger":"airflow.models.dagbag.DagBag"}
{"timestamp":"2026-09-28T20:15:30.266242","level":"info","event":"Filling up the DagBag from /opt/airflow/dags/sample_dag.py","logger":"airflow.models.dagbag.DagBag"}
{"timestamp":"2026-09-28T20:16:00.707535","level":"info","event":"Filling up the DagBag from /opt/airflow/dags/sample_dag.py","logger":"airflow.models.dagbag.DagBag"}
{"timestamp":"2026-09-28T20:16:31.107890","level":"info","event":"Filling up the DagBag from /opt/airflow/dags/sample_dag.py","logger":"airflow.models.dagbag.DagBag"}
{"timestamp":"2026-09-28T20:17:01.564327","level":"info","event":"Filling up the DagBag from /opt/airflow/dags/sample_dag.py","logger":"airflow.models.dagbag.DagBag"}
{"timestamp":"2026-09-28T20:17:31.990481","level":"info","event":"Filling up the DagBag from /opt/airflow/dags/sample_dag.py","logger":"airflow.models.dagbag.DagBag"}
{"timestamp":"2026-09-28T20:18:02.428554","level":"info","event":"Filling up the DagBag from /opt/airflow/dags/sample_dag.py","logger":"airflow.models.dagbag.DagBag"}
{"timestamp":"2026-09-28T20:18:32.850062","level":"info","event":"Filling up the DagBag from /opt/airflow/dags/sample_dag.py","logger":"airflow.models.dagbag.DagBag"}
{"timestamp":"2026-09-28T20:19:03.276179","level":"info","event":"Filling up the DagBag from /opt/airflow/dags/sample_dag.py","logger":"airflow.models.dagbag.DagBag"}
{"timestamp":"2026-09-28T20:19:33.681763","level":"info","event":"Filling up the DagBag from /opt/airflow/dags/sample_dag.py","logger":"airflow.models.dagbag.DagBag"}
{"timestamp":"2026-09-28T20:20:04.170107","level":"info","event":"Filling up the DagBag from /opt/airflow/dags/sample_dag.py","logger":"airflow.models.dagbag.DagBag"}
{"timestamp":"2026-09-28T20:20:34.569796","level":"info","event":"Filling up the DagBag from /opt/airflow/dags/sample_dag.py","logger":"airflow.models.dagbag.DagBag"}
{"timestamp":"2026-09-28T20:21:05.011062","level":"info","event":"Filling up the DagBag from /opt/airflow/dags/sample_dag.py","logger":"airflow.models.dagbag.DagBag"}
{"timestamp":"2026-09-28T20:21:35.441445","level":"info","event":"Filling up the DagBag from /opt/airflow/dags/sample_dag.py","logger":"airflow.models.dagbag.DagBag"}
{"timestamp":"2026-09-28T20:22:05.869788","level":"info","event":"Filling up the DagBag from /opt/airflow/dags/sample_dag.py","logger":"airflow.models.dagbag.DagBag"}
{"timestamp":"2026-09-28T20:22:36.285492","level":"info","event":"Filling up the DagBag from /opt/airflow/dags/sample_dag.py","logger":"airflow.models.dagbag.DagBag"}
{"timestamp":"2026-09-28T20:23:06.698830","level":"info","event":"Filling up the DagBag from /opt/airflow/dags/sample_dag.py","logger":"airflow.models.dagbag.DagBag"}
{"timestamp":"2026-09-28T20:23:37.128032","level":"info","event":"Filling up the DagBag from /opt/airflow/dags/sample_dag.py","logger":"airflow.models.dagbag.DagBag"}
{"timestamp":"2026-09-28T20:24:07.560928","level":"info","event":"Filling up the DagBag from /opt/airflow/dags/sample_dag.py","logger":"airflow.models.dagbag.DagBag"}
{"timestamp":"2026-09-28T20:24:37.945390","level":"info","event":"Filling up the DagBag from /opt/airflow/dags/sample_dag.py","logger":"airflow.models.dagbag.DagBag"}
{"timestamp":"2026-09-28T20:25:08.358274","level":"info","event":"Filling up the DagBag from /opt/airflow/dags/sample_dag.py","logger":"airflow.models.dagbag.DagBag"}
{"timestamp":"2026-09-28T20:25:38.779967","level":"info","event":"Filling up the DagBag from /opt/airflow/dags/sample_dag.py","logger":"airflow.models.dagbag.DagBag"}
{"timestamp":"2026-09-28T20:26:09.192818","level":"info","event":"Filling up the DagBag from /opt/airflow/dags/sample_dag.py","logger":"airflow.models.dagbag.DagBag"}
{"timestamp":"2026-09-28T20:26:39.718241","level":"info","event":"Filling up the DagBag from /opt/airflow/dags/sample_dag.py","logger":"airflow.models.dagbag.DagBag"}
{"timestamp":"2026-09-28T20:27:10.264087","level":"info","event":"Filling up the DagBag from /opt/airflow/dags/sample_dag.py","logger":"airflow.models.dagbag.DagBag"}
{"timestamp":"2026-09-28T20:27:40.813033","level":"info","event":"Filling up the DagBag from /opt/airflow/dags/sample_dag.py","logger":"airflow.models.dagbag.DagBag"}
